2026-02-25 02:43:51,807 - INFO - Failed to auto-detect TPU type.
2026-02-25 02:43:51,818 - INFO - Failed to configure TPU pod. Got: tpu_name: None, worker_id: None, accelerator_type: None
/vast/projects/myatskar/design-documents/conda_env/open_rlhf_intern/lib/python3.11/site-packages/torch/cuda/__init__.py:63: FutureWarning: The pynvml package is deprecated. Please install nvidia-ml-py instead. If you did not install pynvml directly, please report this to the maintainers of the package that installed pynvml for you.
  import pynvml  # type: ignore[import]
/vast/projects/myatskar/design-documents/conda_env/open_rlhf_intern/lib/python3.11/site-packages/torch/cuda/__init__.py:63: FutureWarning: The pynvml package is deprecated. Please install nvidia-ml-py instead. If you did not install pynvml directly, please report this to the maintainers of the package that installed pynvml for you.
  import pynvml  # type: ignore[import]
2026-02-25 02:45:23,851	INFO worker.py:1606 -- Using address auto set in the environment variable RAY_ADDRESS
2026-02-25 02:45:23,947	INFO worker.py:1747 -- Connecting to existing Ray cluster at address: 10.218.151.9:6379...
2026-02-25 02:45:23,959	INFO worker.py:1918 -- Connected to Ray cluster. View the dashboard at [1m[32mhttp://127.0.0.1:8265 [39m[22m
[36m(pid=1234290)[0m /vast/projects/myatskar/design-documents/conda_env/openrlhf_tfv4/lib/python3.11/site-packages/torch/cuda/__init__.py:63: FutureWarning: The pynvml package is deprecated. Please install nvidia-ml-py instead. If you did not install pynvml directly, please report this to the maintainers of the package that installed pynvml for you.
[36m(pid=1234290)[0m   import pynvml  # type: ignore[import]
[36m(LLMRayActor pid=1234293)[0m The argument `trust_remote_code` is to be used with Auto classes. It has no effect here and is ignored.
[36m(pid=1234293)[0m /vast/projects/myatskar/design-documents/conda_env/openrlhf_tfv4/lib/python3.11/site-packages/torch/cuda/__init__.py:63: FutureWarning: The pynvml package is deprecated. Please install nvidia-ml-py instead. If you did not install pynvml directly, please report this to the maintainers of the package that installed pynvml for you.
[36m(pid=1234293)[0m   import pynvml  # type: ignore[import]
[36m(LLMRayActor pid=1234293)[0m The argument `trust_remote_code` is to be used with Auto classes. It has no effect here and is ignored.
[36m(LLMRayActor pid=1234293)[0m Parse safetensors files:   0%|          | 0/3 [00:00<?, ?it/s]
[36m(LLMRayActor pid=1234290)[0m Parse safetensors files:  33%|███▎      | 1/3 [00:00<00:00,  7.15it/s]
[36m(LLMRayActor pid=1234290)[0m Parse safetensors files: 100%|██████████| 3/3 [00:01<00:00,  2.04it/s]Parse safetensors files: 100%|██████████| 3/3 [00:01<00:00,  2.20it/s]
[36m(LLMRayActor pid=1234293)[0m Parse safetensors files:  67%|██████▋   | 2/3 [00:01<00:00,  1.14it/s]Parse safetensors files: 100%|██████████| 3/3 [00:01<00:00,  1.89it/s]
[36m(LLMRayActor pid=1234293)[0m /vast/projects/myatskar/design-documents/conda_env/openrlhf_tfv4/lib/python3.11/site-packages/torch/cuda/__init__.py:63: FutureWarning: The pynvml package is deprecated. Please install nvidia-ml-py instead. If you did not install pynvml directly, please report this to the maintainers of the package that installed pynvml for you.
[36m(LLMRayActor pid=1234293)[0m   import pynvml  # type: ignore[import]
[36m(LLMRayActor pid=1234290)[0m The argument `trust_remote_code` is to be used with Auto classes. It has no effect here and is ignored.[32m [repeated 2x across cluster] (Ray deduplicates logs by default. Set RAY_DEDUP_LOGS=0 to disable log deduplication, or see https://docs.ray.io/en/master/ray-observability/user-guides/configure-logging.html#log-deduplication for more options.)[0m
[36m(LLMRayActor pid=1234290)[0m Parse safetensors files:   0%|          | 0/3 [00:00<?, ?it/s]
[36m(LLMRayActor pid=1234293)[0m Parse safetensors files:  33%|███▎      | 1/3 [00:00<00:00,  3.20it/s]
[36m(LLMRayActor pid=1234290)[0m [W225 02:47:36.157620524 Utils.hpp:166] Warning: Environment variable NCCL_BLOCKING_WAIT is deprecated; use TORCH_NCCL_BLOCKING_WAIT instead (function operator())
[36m(LLMRayActor pid=1234290)[0m /vast/projects/myatskar/design-documents/conda_env/openrlhf_tfv4/lib/python3.11/site-packages/torch/cuda/__init__.py:63: FutureWarning: The pynvml package is deprecated. Please install nvidia-ml-py instead. If you did not install pynvml directly, please report this to the maintainers of the package that installed pynvml for you.
[36m(LLMRayActor pid=1234290)[0m   import pynvml  # type: ignore[import]
[36m(LLMRayActor pid=1234293)[0m [0;36m(EngineCore_DP0 pid=1245607)[0;0m Loading safetensors checkpoint shards:   0% Completed | 0/3 [00:00<?, ?it/s]
[36m(LLMRayActor pid=1234293)[0m [W225 02:47:36.479320432 Utils.hpp:166] Warning: Environment variable NCCL_BLOCKING_WAIT is deprecated; use TORCH_NCCL_BLOCKING_WAIT instead (function operator())
[36m(LLMRayActor pid=1234290)[0m [0;36m(EngineCore_DP0 pid=1245612)[0;0m Loading safetensors checkpoint shards:  33% Completed | 1/3 [00:01<00:02,  1.17s/it]
[36m(LLMRayActor pid=1234290)[0m [0;36m(EngineCore_DP0 pid=1245612)[0;0m Loading safetensors checkpoint shards:   0% Completed | 0/3 [00:00<?, ?it/s]
[36m(LLMRayActor pid=1234290)[0m [0;36m(EngineCore_DP0 pid=1245612)[0;0m 
[36m(LLMRayActor pid=1234290)[0m [0;36m(EngineCore_DP0 pid=1245612)[0;0m Loading safetensors checkpoint shards: 100% Completed | 3/3 [00:10<00:00,  3.54s/it][32m [repeated 5x across cluster][0m
[36m(LLMRayActor pid=1234293)[0m [0;36m(EngineCore_DP0 pid=1245607)[0;0m 
srun: Job step aborted: Waiting up to 32 seconds for job step to finish.
slurmstepd: error: *** JOB 4679875 ON dgx009 CANCELLED AT 2026-02-25T02:57:30 ***
slurmstepd: error: *** STEP 4679875.0 ON dgx009 CANCELLED AT 2026-02-25T02:57:30 ***
