
The following have been reloaded with a version change:
  1) cuda/13.1.0 => cuda/12.9.0


The following have been reloaded with a version change:
  1) cuda/12.9.0 => cuda/13.1.0

2026-02-25 07:53:00,292 - INFO - Failed to auto-detect TPU type.
2026-02-25 07:53:00,302 - INFO - Failed to configure TPU pod. Got: tpu_name: None, worker_id: None, accelerator_type: None
/vast/projects/myatskar/design-documents/conda_env/open_rlhf_intern/lib/python3.11/site-packages/torch/cuda/__init__.py:63: FutureWarning: The pynvml package is deprecated. Please install nvidia-ml-py instead. If you did not install pynvml directly, please report this to the maintainers of the package that installed pynvml for you.
  import pynvml  # type: ignore[import]
/vast/projects/myatskar/design-documents/conda_env/open_rlhf_intern/lib/python3.11/site-packages/torch/cuda/__init__.py:63: FutureWarning: The pynvml package is deprecated. Please install nvidia-ml-py instead. If you did not install pynvml directly, please report this to the maintainers of the package that installed pynvml for you.
  import pynvml  # type: ignore[import]
2026-02-25 07:54:10,735	INFO worker.py:1606 -- Using address auto set in the environment variable RAY_ADDRESS
2026-02-25 07:54:10,819	INFO worker.py:1747 -- Connecting to existing Ray cluster at address: 10.218.151.7:6379...
2026-02-25 07:54:10,830	INFO worker.py:1918 -- Connected to Ray cluster. View the dashboard at [1m[32mhttp://127.0.0.1:8265 [39m[22m
[36m(pid=3758064)[0m /vast/projects/myatskar/design-documents/conda_env/open_rlhf_intern/lib/python3.11/site-packages/torch/cuda/__init__.py:63: FutureWarning: The pynvml package is deprecated. Please install nvidia-ml-py instead. If you did not install pynvml directly, please report this to the maintainers of the package that installed pynvml for you.
[36m(pid=3758064)[0m   import pynvml  # type: ignore[import]
[36m(LLMRayActor pid=3758063)[0m The argument `trust_remote_code` is to be used with Auto classes. It has no effect here and is ignored.
[36m(pid=3758063)[0m /vast/projects/myatskar/design-documents/conda_env/open_rlhf_intern/lib/python3.11/site-packages/torch/cuda/__init__.py:63: FutureWarning: The pynvml package is deprecated. Please install nvidia-ml-py instead. If you did not install pynvml directly, please report this to the maintainers of the package that installed pynvml for you.
[36m(pid=3758063)[0m   import pynvml  # type: ignore[import]
[36m(LLMRayActor pid=3758063)[0m The argument `trust_remote_code` is to be used with Auto classes. It has no effect here and is ignored.
[36m(LLMRayActor pid=3758063)[0m /vast/projects/myatskar/design-documents/conda_env/open_rlhf_intern/lib/python3.11/site-packages/torch/cuda/__init__.py:63: FutureWarning: The pynvml package is deprecated. Please install nvidia-ml-py instead. If you did not install pynvml directly, please report this to the maintainers of the package that installed pynvml for you.
[36m(LLMRayActor pid=3758063)[0m   import pynvml  # type: ignore[import]
[36m(LLMRayActor pid=3758064)[0m The argument `trust_remote_code` is to be used with Auto classes. It has no effect here and is ignored.[32m [repeated 2x across cluster] (Ray deduplicates logs by default. Set RAY_DEDUP_LOGS=0 to disable log deduplication, or see https://docs.ray.io/en/master/ray-observability/user-guides/configure-logging.html#log-deduplication for more options.)[0m
[2026-02-25 08:00:16,303 E 3720307 3745863] gcs_rpc_client.h:196: Failed to connect to GCS within 60 seconds. GCS may have been killed. It's either GCS is terminated by `ray stop` or is killed unexpectedly. If it is killed unexpectedly, see the log file gcs_server.out. https://docs.ray.io/en/master/ray-observability/user-guides/configure-logging.html#logging-directory-structure. The program will terminate.
srun: error: dgx007: task 0: Exited with exit code 1
