2026-02-25 02:44:23,921 - INFO - Failed to auto-detect TPU type.
2026-02-25 02:44:23,934 - INFO - Failed to configure TPU pod. Got: tpu_name: None, worker_id: None, accelerator_type: None
/vast/projects/myatskar/design-documents/conda_env/openrlhf_tfv4/lib/python3.11/site-packages/torch/cuda/__init__.py:63: FutureWarning: The pynvml package is deprecated. Please install nvidia-ml-py instead. If you did not install pynvml directly, please report this to the maintainers of the package that installed pynvml for you.
  import pynvml  # type: ignore[import]
/vast/projects/myatskar/design-documents/conda_env/openrlhf_tfv4/lib/python3.11/site-packages/torch/cuda/__init__.py:63: FutureWarning: The pynvml package is deprecated. Please install nvidia-ml-py instead. If you did not install pynvml directly, please report this to the maintainers of the package that installed pynvml for you.
  import pynvml  # type: ignore[import]
2026-02-25 02:46:23,589	INFO worker.py:1606 -- Using address auto set in the environment variable RAY_ADDRESS
2026-02-25 02:46:23,706	INFO worker.py:1747 -- Connecting to existing Ray cluster at address: 10.218.151.9:6379...
2026-02-25 02:46:23,717	INFO worker.py:1918 -- Connected to Ray cluster. View the dashboard at [1m[32mhttp://127.0.0.1:8265 [39m[22m
Traceback (most recent call last):
  File "<frozen runpy>", line 198, in _run_module_as_main
  File "<frozen runpy>", line 88, in _run_code
  File "/vast/home/j/jojolee/OpenRLHF-Tools/openrlhf/cli/train_ppo_ray.py", line 702, in <module>
    train(args)
  File "/vast/home/j/jojolee/OpenRLHF-Tools/openrlhf/cli/train_ppo_ray.py", line 41, in train
    ray.get(pg.ready())
  File "/vast/projects/myatskar/design-documents/conda_env/openrlhf_tfv4/lib/python3.11/site-packages/ray/_private/auto_init_hook.py", line 22, in auto_init_wrapper
    return fn(*args, **kwargs)
           ^^^^^^^^^^^^^^^^^^^
  File "/vast/projects/myatskar/design-documents/conda_env/openrlhf_tfv4/lib/python3.11/site-packages/ray/_private/client_mode_hook.py", line 104, in wrapper
    return func(*args, **kwargs)
           ^^^^^^^^^^^^^^^^^^^^^
  File "/vast/projects/myatskar/design-documents/conda_env/openrlhf_tfv4/lib/python3.11/site-packages/ray/_private/worker.py", line 2858, in get
    values, debugger_breakpoint = worker.get_objects(object_refs, timeout=timeout)
                                  ^^^^^^^^^^^^^^^^^^^^^^^^^^^^^^^^^^^^^^^^^^^^^^^^
  File "/vast/projects/myatskar/design-documents/conda_env/openrlhf_tfv4/lib/python3.11/site-packages/ray/_private/worker.py", line 960, in get_objects
    raise value
ray.exceptions.LocalRayletDiedError: The task's local raylet died. Check raylet.out for more information.
srun: error: dgx009: task 0: Exited with exit code 1
