
The following have been reloaded with a version change:
  1) cuda/13.1.0 => cuda/12.9.0

2026-02-25 03:32:25,383 - INFO - Failed to auto-detect TPU type.
2026-02-25 03:32:26,171 - INFO - Failed to configure TPU pod. Got: tpu_name: None, worker_id: None, accelerator_type: None
/vast/projects/myatskar/design-documents/conda_env/openrlhf_tfv4/lib/python3.11/site-packages/torch/cuda/__init__.py:63: FutureWarning: The pynvml package is deprecated. Please install nvidia-ml-py instead. If you did not install pynvml directly, please report this to the maintainers of the package that installed pynvml for you.
  import pynvml  # type: ignore[import]
/vast/projects/myatskar/design-documents/conda_env/openrlhf_tfv4/lib/python3.11/site-packages/torch/cuda/__init__.py:63: FutureWarning: The pynvml package is deprecated. Please install nvidia-ml-py instead. If you did not install pynvml directly, please report this to the maintainers of the package that installed pynvml for you.
  import pynvml  # type: ignore[import]
Traceback (most recent call last):
  File "<frozen runpy>", line 198, in _run_module_as_main
  File "<frozen runpy>", line 88, in _run_code
  File "/vast/home/j/jojolee/OpenRLHF-Tools/openrlhf/cli/train_ppo_ray.py", line 10, in <module>
    from openrlhf.trainer.ray.launcher import (
  File "/vast/home/j/jojolee/OpenRLHF-Tools/openrlhf/trainer/ray/launcher.py", line 12, in <module>
    from openrlhf.models import Actor, get_llm_for_sequence_regression
  File "/vast/home/j/jojolee/OpenRLHF-Tools/openrlhf/models/__init__.py", line 1, in <module>
    from .actor import Actor
  File "/vast/home/j/jojolee/OpenRLHF-Tools/openrlhf/models/actor.py", line 19, in <module>
    from .ring_attn_utils import gather_and_pad_tensor, unpad_and_slice_tensor
  File "/vast/home/j/jojolee/OpenRLHF-Tools/openrlhf/models/ring_attn_utils.py", line 3, in <module>
    from flash_attn.bert_padding import index_first_axis, pad_input, rearrange, unpad_input
  File "/vast/projects/myatskar/design-documents/conda_env/openrlhf_tfv4/lib/python3.11/site-packages/flash_attn/__init__.py", line 3, in <module>
    from flash_attn.flash_attn_interface import (
  File "/vast/projects/myatskar/design-documents/conda_env/openrlhf_tfv4/lib/python3.11/site-packages/flash_attn/flash_attn_interface.py", line 15, in <module>
    import flash_attn_2_cuda as flash_attn_gpu
ImportError: libcudart.so.13: cannot open shared object file: No such file or directory
srun: error: dgx009: task 0: Exited with exit code 1
