
The following have been reloaded with a version change:
  1) cuda/13.1.0 => cuda/12.9.0


The following have been reloaded with a version change:
  1) cuda/12.9.0 => cuda/13.1.0

2026-02-28 16:15:25,731 - INFO - Failed to auto-detect TPU type.
2026-02-28 16:15:25,742 - INFO - Failed to configure TPU pod. Got: tpu_name: None, worker_id: None, accelerator_type: None
/vast/projects/myatskar/design-documents/conda_env/open_rlhf_intern/lib/python3.11/site-packages/torch/cuda/__init__.py:63: FutureWarning: The pynvml package is deprecated. Please install nvidia-ml-py instead. If you did not install pynvml directly, please report this to the maintainers of the package that installed pynvml for you.
  import pynvml  # type: ignore[import]
/vast/projects/myatskar/design-documents/conda_env/open_rlhf_intern/lib/python3.11/site-packages/torch/cuda/__init__.py:63: FutureWarning: The pynvml package is deprecated. Please install nvidia-ml-py instead. If you did not install pynvml directly, please report this to the maintainers of the package that installed pynvml for you.
  import pynvml  # type: ignore[import]
2026-02-28 16:16:36,372	INFO worker.py:1606 -- Using address auto set in the environment variable RAY_ADDRESS
2026-02-28 16:16:36,459	INFO worker.py:1747 -- Connecting to existing Ray cluster at address: 10.218.151.25:6379...
2026-02-28 16:16:36,468	INFO worker.py:1918 -- Connected to Ray cluster. View the dashboard at [1m[32mhttp://127.0.0.1:8265 [39m[22m
[36m(pid=3599586)[0m /vast/projects/myatskar/design-documents/conda_env/open_rlhf_intern/lib/python3.11/site-packages/torch/cuda/__init__.py:63: FutureWarning: The pynvml package is deprecated. Please install nvidia-ml-py instead. If you did not install pynvml directly, please report this to the maintainers of the package that installed pynvml for you.
[36m(pid=3599586)[0m   import pynvml  # type: ignore[import]
[36m(LLMRayActor pid=3599585)[0m The argument `trust_remote_code` is to be used with Auto classes. It has no effect here and is ignored.
[36m(pid=3599585)[0m /vast/projects/myatskar/design-documents/conda_env/open_rlhf_intern/lib/python3.11/site-packages/torch/cuda/__init__.py:63: FutureWarning: The pynvml package is deprecated. Please install nvidia-ml-py instead. If you did not install pynvml directly, please report this to the maintainers of the package that installed pynvml for you.
[36m(pid=3599585)[0m   import pynvml  # type: ignore[import]
[36m(LLMRayActor pid=3599585)[0m The argument `trust_remote_code` is to be used with Auto classes. It has no effect here and is ignored.
[36m(LLMRayActor pid=3599585)[0m Parse safetensors files:   0%|          | 0/3 [00:00<?, ?it/s]
[36m(LLMRayActor pid=3599586)[0m The argument `trust_remote_code` is to be used with Auto classes. It has no effect here and is ignored.[32m [repeated 2x across cluster] (Ray deduplicates logs by default. Set RAY_DEDUP_LOGS=0 to disable log deduplication, or see https://docs.ray.io/en/master/ray-observability/user-guides/configure-logging.html#log-deduplication for more options.)[0m
[36m(LLMRayActor pid=3599585)[0m Parse safetensors files:  33%|███▎      | 1/3 [00:00<00:00,  6.60it/s]
[36m(LLMRayActor pid=3599585)[0m Parse safetensors files:  67%|██████▋   | 2/3 [00:00<00:00,  2.92it/s]
[36m(LLMRayActor pid=3599586)[0m Parse safetensors files: 100%|██████████| 3/3 [00:00<00:00,  3.00it/s]Parse safetensors files: 100%|██████████| 3/3 [00:00<00:00,  3.19it/s]
[36m(LLMRayActor pid=3599585)[0m /vast/projects/myatskar/design-documents/conda_env/open_rlhf_intern/lib/python3.11/site-packages/torch/cuda/__init__.py:63: FutureWarning: The pynvml package is deprecated. Please install nvidia-ml-py instead. If you did not install pynvml directly, please report this to the maintainers of the package that installed pynvml for you.
[36m(LLMRayActor pid=3599585)[0m   import pynvml  # type: ignore[import]
[36m(LLMRayActor pid=3599586)[0m Parse safetensors files:   0%|          | 0/3 [00:00<?, ?it/s]
[36m(LLMRayActor pid=3599586)[0m Parse safetensors files:  33%|███▎      | 1/3 [00:00<00:00,  7.53it/s]
[36m(LLMRayActor pid=3599585)[0m Parse safetensors files: 100%|██████████| 3/3 [00:01<00:00,  1.47it/s]Parse safetensors files: 100%|██████████| 3/3 [00:01<00:00,  1.76it/s]
[36m(LLMRayActor pid=3599586)[0m [W228 16:19:21.374548103 Utils.hpp:166] Warning: Environment variable NCCL_BLOCKING_WAIT is deprecated; use TORCH_NCCL_BLOCKING_WAIT instead (function operator())
[36m(LLMRayActor pid=3599586)[0m /vast/projects/myatskar/design-documents/conda_env/open_rlhf_intern/lib/python3.11/site-packages/torch/cuda/__init__.py:63: FutureWarning: The pynvml package is deprecated. Please install nvidia-ml-py instead. If you did not install pynvml directly, please report this to the maintainers of the package that installed pynvml for you.
[36m(LLMRayActor pid=3599586)[0m   import pynvml  # type: ignore[import]
[36m(LLMRayActor pid=3599585)[0m [0;36m(EngineCore_DP0 pid=3611788)[0;0m <frozen importlib._bootstrap_external>:1241: FutureWarning: The cuda.cudart module is deprecated and will be removed in a future release, please switch to use the cuda.bindings.runtime module instead.
[36m(LLMRayActor pid=3599585)[0m [0;36m(EngineCore_DP0 pid=3611788)[0;0m <frozen importlib._bootstrap_external>:1241: FutureWarning: The cuda.nvrtc module is deprecated and will be removed in a future release, please switch to use the cuda.bindings.nvrtc module instead.
[36m(LLMRayActor pid=3599585)[0m [0;36m(EngineCore_DP0 pid=3611788)[0;0m Loading safetensors checkpoint shards:   0% Completed | 0/3 [00:00<?, ?it/s]
[36m(LLMRayActor pid=3599585)[0m [0;36m(EngineCore_DP0 pid=3611788)[0;0m Loading safetensors checkpoint shards:  33% Completed | 1/3 [00:00<00:01,  1.56it/s]
[36m(LLMRayActor pid=3599585)[0m [W228 16:19:21.409192110 Utils.hpp:166] Warning: Environment variable NCCL_BLOCKING_WAIT is deprecated; use TORCH_NCCL_BLOCKING_WAIT instead (function operator())
[36m(LLMRayActor pid=3599585)[0m [0;36m(EngineCore_DP0 pid=3611788)[0;0m Loading safetensors checkpoint shards:  67% Completed | 2/3 [00:01<00:00,  1.34it/s]
[36m(LLMRayActor pid=3599585)[0m [0;36m(EngineCore_DP0 pid=3611788)[0;0m 
[36m(LLMRayActor pid=3599586)[0m [0;36m(EngineCore_DP0 pid=3611770)[0;0m 
[36m(LLMRayActor pid=3599586)[0m [0;36m(EngineCore_DP0 pid=3611770)[0;0m 2026-02-28 16:20:16,287 - INFO - cubin_loader.py:209 - flashinfer.jit: Fetching cubin ccae3ed120a12a2c6922b458086b460413dbf731/batched_gemm-0d275a2-9936841/checksums.txt from https://edge.urm.nvidia.com/artifactory/sw-kernelinferencelibrary-public-generic-local/ccae3ed120a12a2c6922b458086b460413dbf731/batched_gemm-0d275a2-9936841/checksums.txt
[36m(LLMRayActor pid=3599586)[0m [0;36m(EngineCore_DP0 pid=3611770)[0;0m 2026-02-28 16:20:16,303 - INFO - cubin_loader.py:81 - flashinfer.jit: Acquired lock for /vast/home/j/jojolee/.cache/flashinfer/cubins/ccae3ed120a12a2c6922b458086b460413dbf731/batched_gemm-0d275a2-9936841/checksums.txt
[36m(LLMRayActor pid=3599586)[0m [0;36m(EngineCore_DP0 pid=3611770)[0;0m <frozen importlib._bootstrap_external>:1241: FutureWarning: The cuda.cudart module is deprecated and will be removed in a future release, please switch to use the cuda.bindings.runtime module instead.
[36m(LLMRayActor pid=3599586)[0m [0;36m(EngineCore_DP0 pid=3611770)[0;0m <frozen importlib._bootstrap_external>:1241: FutureWarning: The cuda.nvrtc module is deprecated and will be removed in a future release, please switch to use the cuda.bindings.nvrtc module instead.
[36m(LLMRayActor pid=3599586)[0m [0;36m(EngineCore_DP0 pid=3611770)[0;0m Loading safetensors checkpoint shards:   0% Completed | 0/3 [00:00<?, ?it/s]
[36m(LLMRayActor pid=3599586)[0m [0;36m(EngineCore_DP0 pid=3611770)[0;0m Loading safetensors checkpoint shards: 100% Completed | 3/3 [00:02<00:00,  1.29it/s][32m [repeated 6x across cluster][0m
[36m(LLMRayActor pid=3599586)[0m [0;36m(EngineCore_DP0 pid=3611770)[0;0m 2026-02-28 16:20:16,389 - INFO - cubin_loader.py:111 - flashinfer.jit: File downloaded successfully: https://edge.urm.nvidia.com/artifactory/sw-kernelinferencelibrary-public-generic-local/ccae3ed120a12a2c6922b458086b460413dbf731/batched_gemm-0d275a2-9936841/checksums.txt -> /vast/home/j/jojolee/.cache/flashinfer/cubins/ccae3ed120a12a2c6922b458086b460413dbf731/batched_gemm-0d275a2-9936841/checksums.txt
[36m(LLMRayActor pid=3599586)[0m [0;36m(EngineCore_DP0 pid=3611770)[0;0m 2026-02-28 16:20:16,412 - INFO - cubin_loader.py:81 - flashinfer.jit: Acquired lock for /vast/home/j/jojolee/.cache/flashinfer/cubins/ccae3ed120a12a2c6922b458086b460413dbf731/batched_gemm-0d275a2-9936841/include/flashinferMetaInfo.h
[2026-02-28 16:48:55,495 E 3562140 3587523] gcs_rpc_client.h:196: Failed to connect to GCS within 60 seconds. GCS may have been killed. It's either GCS is terminated by `ray stop` or is killed unexpectedly. If it is killed unexpectedly, see the log file gcs_server.out. https://docs.ray.io/en/master/ray-observability/user-guides/configure-logging.html#logging-directory-structure. The program will terminate.
srun: error: dgx025: task 0: Exited with exit code 1
