
The following have been reloaded with a version change:
  1) cuda/13.1.0 => cuda/12.8.1

2026-02-25 07:27:57,317 - INFO - Failed to auto-detect TPU type.
2026-02-25 07:27:57,328 - INFO - Failed to configure TPU pod. Got: tpu_name: None, worker_id: None, accelerator_type: None
/vast/projects/myatskar/design-documents/conda_env/openrlhf/lib/python3.11/site-packages/torch/cuda/__init__.py:65: FutureWarning: The pynvml package is deprecated. Please install nvidia-ml-py instead. If you did not install pynvml directly, please report this to the maintainers of the package that installed pynvml for you.
  import pynvml  # type: ignore[import]
/vast/projects/myatskar/design-documents/conda_env/openrlhf/lib/python3.11/site-packages/torch/cuda/__init__.py:65: FutureWarning: The pynvml package is deprecated. Please install nvidia-ml-py instead. If you did not install pynvml directly, please report this to the maintainers of the package that installed pynvml for you.
  import pynvml  # type: ignore[import]
2026-02-25 07:28:54,293	INFO worker.py:1606 -- Using address auto set in the environment variable RAY_ADDRESS
2026-02-25 07:28:54,379	INFO worker.py:1747 -- Connecting to existing Ray cluster at address: 10.218.151.7:6379...
2026-02-25 07:28:54,390	INFO worker.py:1918 -- Connected to Ray cluster. View the dashboard at [1m[32mhttp://127.0.0.1:8265 [39m[22m
[36m(pid=3498411)[0m /vast/projects/myatskar/design-documents/conda_env/openrlhf/lib/python3.11/site-packages/torch/cuda/__init__.py:65: FutureWarning: The pynvml package is deprecated. Please install nvidia-ml-py instead. If you did not install pynvml directly, please report this to the maintainers of the package that installed pynvml for you.
[36m(pid=3498411)[0m   import pynvml  # type: ignore[import]
[36m(LLMRayActor pid=3498410)[0m The argument `trust_remote_code` is to be used with Auto classes. It has no effect here and is ignored.
[36m(pid=3498410)[0m /vast/projects/myatskar/design-documents/conda_env/openrlhf/lib/python3.11/site-packages/torch/cuda/__init__.py:65: FutureWarning: The pynvml package is deprecated. Please install nvidia-ml-py instead. If you did not install pynvml directly, please report this to the maintainers of the package that installed pynvml for you.
[36m(pid=3498410)[0m   import pynvml  # type: ignore[import]
[36m(LLMRayActor pid=3498410)[0m The argument `trust_remote_code` is to be used with Auto classes. It has no effect here and is ignored.
[36m(LLMRayActor pid=3498410)[0m Parse safetensors files:   0%|          | 0/3 [00:00<?, ?it/s]
[36m(LLMRayActor pid=3498411)[0m The argument `trust_remote_code` is to be used with Auto classes. It has no effect here and is ignored.[32m [repeated 2x across cluster] (Ray deduplicates logs by default. Set RAY_DEDUP_LOGS=0 to disable log deduplication, or see https://docs.ray.io/en/master/ray-observability/user-guides/configure-logging.html#log-deduplication for more options.)[0m
[36m(LLMRayActor pid=3498410)[0m Parse safetensors files:  33%|███▎      | 1/3 [00:00<00:00,  3.01it/s]Parse safetensors files: 100%|██████████| 3/3 [00:00<00:00,  8.65it/s]
[36m(LLMRayActor pid=3498411)[0m Parse safetensors files:  33%|███▎      | 1/3 [00:00<00:00,  7.10it/s]
[36m(LLMRayActor pid=3498411)[0m Parse safetensors files: 100%|██████████| 3/3 [00:00<00:00,  3.68it/s]Parse safetensors files: 100%|██████████| 3/3 [00:00<00:00,  3.86it/s]
[36m(LLMRayActor pid=3498410)[0m /vast/projects/myatskar/design-documents/conda_env/openrlhf/lib/python3.11/site-packages/torch/cuda/__init__.py:65: FutureWarning: The pynvml package is deprecated. Please install nvidia-ml-py instead. If you did not install pynvml directly, please report this to the maintainers of the package that installed pynvml for you.
[36m(LLMRayActor pid=3498410)[0m   import pynvml  # type: ignore[import]
[36m(LLMRayActor pid=3498411)[0m Parse safetensors files:   0%|          | 0/3 [00:00<?, ?it/s]
srun: Job step aborted: Waiting up to 32 seconds for job step to finish.
slurmstepd: error: *** JOB 4680240 ON dgx007 CANCELLED AT 2026-02-25T07:40:12 ***
slurmstepd: error: *** STEP 4680240.0 ON dgx007 CANCELLED AT 2026-02-25T07:40:12 ***
