
The following have been reloaded with a version change:
  1) cuda/12.8.1 => cuda/13.1.0

2026-02-25 06:38:12,334 - INFO - Failed to auto-detect TPU type.
2026-02-25 06:38:12,346 - INFO - Failed to configure TPU pod. Got: tpu_name: None, worker_id: None, accelerator_type: None
/vast/projects/myatskar/design-documents/conda_env/openrlhf/lib/python3.11/site-packages/torch/cuda/__init__.py:65: FutureWarning: The pynvml package is deprecated. Please install nvidia-ml-py instead. If you did not install pynvml directly, please report this to the maintainers of the package that installed pynvml for you.
  import pynvml  # type: ignore[import]
/vast/projects/myatskar/design-documents/conda_env/openrlhf/lib/python3.11/site-packages/torch/cuda/__init__.py:65: FutureWarning: The pynvml package is deprecated. Please install nvidia-ml-py instead. If you did not install pynvml directly, please report this to the maintainers of the package that installed pynvml for you.
  import pynvml  # type: ignore[import]
2026-02-25 06:39:11,013	INFO worker.py:1606 -- Using address auto set in the environment variable RAY_ADDRESS
2026-02-25 06:39:11,105	INFO worker.py:1747 -- Connecting to existing Ray cluster at address: 10.218.151.9:6379...
2026-02-25 06:39:11,115	INFO worker.py:1918 -- Connected to Ray cluster. View the dashboard at [1m[32mhttp://127.0.0.1:8265 [39m[22m
[36m(pid=3553672)[0m /vast/projects/myatskar/design-documents/conda_env/openrlhf/lib/python3.11/site-packages/torch/cuda/__init__.py:65: FutureWarning: The pynvml package is deprecated. Please install nvidia-ml-py instead. If you did not install pynvml directly, please report this to the maintainers of the package that installed pynvml for you.
[36m(pid=3553672)[0m   import pynvml  # type: ignore[import]
[36m(LLMRayActor pid=3553672)[0m The argument `trust_remote_code` is to be used with Auto classes. It has no effect here and is ignored.
[36m(pid=3553673)[0m /vast/projects/myatskar/design-documents/conda_env/openrlhf/lib/python3.11/site-packages/torch/cuda/__init__.py:65: FutureWarning: The pynvml package is deprecated. Please install nvidia-ml-py instead. If you did not install pynvml directly, please report this to the maintainers of the package that installed pynvml for you.
[36m(pid=3553673)[0m   import pynvml  # type: ignore[import]
[36m(LLMRayActor pid=3553672)[0m The argument `trust_remote_code` is to be used with Auto classes. It has no effect here and is ignored.
srun: Job step aborted: Waiting up to 32 seconds for job step to finish.
slurmstepd: error: *** JOB 4680163 ON dgx009 CANCELLED AT 2026-02-25T07:04:27 ***
slurmstepd: error: *** STEP 4680163.0 ON dgx009 CANCELLED AT 2026-02-25T07:04:27 ***
