
The following have been reloaded with a version change:
  1) cuda/13.1.0 => cuda/12.8.1

2026-02-25 07:56:31,226 - INFO - Failed to auto-detect TPU type.
2026-02-25 07:56:31,233 - INFO - Failed to configure TPU pod. Got: tpu_name: None, worker_id: None, accelerator_type: None
2026-02-25 07:56:31,237 - INFO - Failed to auto-detect TPU type.
/vast/projects/myatskar/design-documents/conda_env/openrlhf/lib/python3.11/site-packages/torch/cuda/__init__.py:65: FutureWarning: The pynvml package is deprecated. Please install nvidia-ml-py instead. If you did not install pynvml directly, please report this to the maintainers of the package that installed pynvml for you.
  import pynvml  # type: ignore[import]
/vast/projects/myatskar/design-documents/conda_env/openrlhf/lib/python3.11/site-packages/torch/cuda/__init__.py:65: FutureWarning: The pynvml package is deprecated. Please install nvidia-ml-py instead. If you did not install pynvml directly, please report this to the maintainers of the package that installed pynvml for you.
  import pynvml  # type: ignore[import]
2026-02-25 07:58:11,623	INFO worker.py:1606 -- Using address auto set in the environment variable RAY_ADDRESS
2026-02-25 07:58:11,712	INFO worker.py:1747 -- Connecting to existing Ray cluster at address: 10.218.151.7:6379...
2026-02-25 07:58:12,719	INFO node.py:1102 -- Can't find a `node_ip_address.json` file from /tmp/ray_jojolee/4680462/session_2026-02-25_07-56-23_828057_3770235. Have you started Ray instance using `ray start` or `ray.init`?
2026-02-25 07:58:22,722	INFO node.py:1102 -- Can't find a `node_ip_address.json` file from /tmp/ray_jojolee/4680462/session_2026-02-25_07-56-23_828057_3770235. Have you started Ray instance using `ray start` or `ray.init`?
2026-02-25 07:58:32,725	INFO node.py:1102 -- Can't find a `node_ip_address.json` file from /tmp/ray_jojolee/4680462/session_2026-02-25_07-56-23_828057_3770235. Have you started Ray instance using `ray start` or `ray.init`?
2026-02-25 07:58:42,728	INFO node.py:1102 -- Can't find a `node_ip_address.json` file from /tmp/ray_jojolee/4680462/session_2026-02-25_07-56-23_828057_3770235. Have you started Ray instance using `ray start` or `ray.init`?
2026-02-25 07:58:52,730	INFO node.py:1102 -- Can't find a `node_ip_address.json` file from /tmp/ray_jojolee/4680462/session_2026-02-25_07-56-23_828057_3770235. Have you started Ray instance using `ray start` or `ray.init`?
2026-02-25 07:59:02,733	INFO node.py:1102 -- Can't find a `node_ip_address.json` file from /tmp/ray_jojolee/4680462/session_2026-02-25_07-56-23_828057_3770235. Have you started Ray instance using `ray start` or `ray.init`?
Traceback (most recent call last):
  File "<frozen runpy>", line 198, in _run_module_as_main
  File "<frozen runpy>", line 88, in _run_code
  File "/vast/home/j/jojolee/OpenRLHF-Tools/openrlhf/cli/train_ppo_ray.py", line 707, in <module>
    train(args)
  File "/vast/home/j/jojolee/OpenRLHF-Tools/openrlhf/cli/train_ppo_ray.py", line 23, in train
    ray.init(runtime_env={"env_vars": {"TOKENIZERS_PARALLELISM": "true", "NCCL_DEBUG": "INFO"}})
  File "/vast/projects/myatskar/design-documents/conda_env/openrlhf/lib/python3.11/site-packages/ray/_private/client_mode_hook.py", line 104, in wrapper
    return func(*args, **kwargs)
           ^^^^^^^^^^^^^^^^^^^^^
  File "/vast/projects/myatskar/design-documents/conda_env/openrlhf/lib/python3.11/site-packages/ray/_private/worker.py", line 1883, in init
    _global_node = ray._private.node.Node(
                   ^^^^^^^^^^^^^^^^^^^^^^^
  File "/vast/projects/myatskar/design-documents/conda_env/openrlhf/lib/python3.11/site-packages/ray/_private/node.py", line 212, in __init__
    node_ip_address = self._wait_and_get_for_node_address()
                      ^^^^^^^^^^^^^^^^^^^^^^^^^^^^^^^^^^^^^
  File "/vast/projects/myatskar/design-documents/conda_env/openrlhf/lib/python3.11/site-packages/ray/_private/node.py", line 1109, in _wait_and_get_for_node_address
    raise ValueError(
ValueError: Can't find a `node_ip_address.json` file from /tmp/ray_jojolee/4680462/session_2026-02-25_07-56-23_828057_3770235. for 60 seconds. A ray instance hasn't started. Did you do `ray start` or `ray.init` on this host?
srun: error: dgx007: task 0: Exited with exit code 1
