
The following have been reloaded with a version change:
  1) cuda/13.1.0 => cuda/12.8.1

Traceback (most recent call last):
  File "/vast/home/j/jojolee/.local/bin/ray", line 10, in <module>
    sys.exit(main())
             ~~~~^^
  File "/vast/home/j/jojolee/.local/lib/python3.13/site-packages/ray/scripts/scripts.py", line 2894, in main
    return cli()
  File "/vast/home/j/jojolee/.local/lib/python3.13/site-packages/click/core.py", line 1485, in __call__
    return self.main(*args, **kwargs)
           ~~~~~~~~~^^^^^^^^^^^^^^^^^
  File "/vast/home/j/jojolee/.local/lib/python3.13/site-packages/click/core.py", line 1406, in main
    rv = self.invoke(ctx)
  File "/vast/home/j/jojolee/.local/lib/python3.13/site-packages/click/core.py", line 1873, in invoke
    return _process_result(sub_ctx.command.invoke(sub_ctx))
                           ~~~~~~~~~~~~~~~~~~~~~~^^^^^^^^^
  File "/vast/home/j/jojolee/.local/lib/python3.13/site-packages/click/core.py", line 1269, in invoke
    return ctx.invoke(self.callback, **ctx.params)
           ~~~~~~~~~~^^^^^^^^^^^^^^^^^^^^^^^^^^^^^
  File "/vast/home/j/jojolee/.local/lib/python3.13/site-packages/click/core.py", line 824, in invoke
    return callback(*args, **kwargs)
  File "/vast/home/j/jojolee/.local/lib/python3.13/site-packages/ray/autoscaler/_private/cli_logger.py", line 823, in wrapper
    return f(*args, **kwargs)
  File "/vast/home/j/jojolee/.local/lib/python3.13/site-packages/ray/scripts/scripts.py", line 965, in start
    node = ray._private.node.Node(
        ray_params, head=True, shutdown_at_exit=block, spawn_reaper=block
    )
  File "/vast/home/j/jojolee/.local/lib/python3.13/site-packages/ray/_private/node.py", line 353, in __init__
    self.start_head_processes()
    ~~~~~~~~~~~~~~~~~~~~~~~~~^^
  File "/vast/home/j/jojolee/.local/lib/python3.13/site-packages/ray/_private/node.py", line 1319, in start_head_processes
    self._write_cluster_info_to_kv()
    ~~~~~~~~~~~~~~~~~~~~~~~~~~~~~~^^
  File "/vast/home/j/jojolee/.local/lib/python3.13/site-packages/ray/_private/node.py", line 1281, in _write_cluster_info_to_kv
    assert curr_val == self._session_name.encode("utf-8"), (
           ^^^^^^^^^^^^^^^^^^^^^^^^^^^^^^^^^^^^^^^^^^^^^^
AssertionError: Session name session_2026-02-25_08-19-24_732997_3950547 does not match persisted value b'session_2026-02-25_08-19-25_296229_3950551'. Perhaps there was an error connecting to Redis.
/vast/projects/myatskar/design-documents/conda_env/openrlhf/lib/python3.11/site-packages/torch/cuda/__init__.py:65: FutureWarning: The pynvml package is deprecated. Please install nvidia-ml-py instead. If you did not install pynvml directly, please report this to the maintainers of the package that installed pynvml for you.
  import pynvml  # type: ignore[import]
