
The following have been reloaded with a version change:
  1) cuda/13.1.0 => cuda/12.9.0


The following have been reloaded with a version change:
  1) cuda/12.9.0 => cuda/12.8.1

2026-02-28 09:23:19,345 - INFO - Failed to auto-detect TPU type.
2026-02-28 09:23:19,354 - INFO - Failed to configure TPU pod. Got: tpu_name: None, worker_id: None, accelerator_type: None
/vast/projects/myatskar/design-documents/conda_env/openrlhf/lib/python3.11/site-packages/torch/cuda/__init__.py:65: FutureWarning: The pynvml package is deprecated. Please install nvidia-ml-py instead. If you did not install pynvml directly, please report this to the maintainers of the package that installed pynvml for you.
  import pynvml  # type: ignore[import]
/vast/projects/myatskar/design-documents/conda_env/openrlhf/lib/python3.11/site-packages/torch/cuda/__init__.py:65: FutureWarning: The pynvml package is deprecated. Please install nvidia-ml-py instead. If you did not install pynvml directly, please report this to the maintainers of the package that installed pynvml for you.
  import pynvml  # type: ignore[import]
2026-02-28 09:24:20,621	INFO worker.py:1606 -- Using address auto set in the environment variable RAY_ADDRESS
2026-02-28 09:24:20,729	INFO worker.py:1747 -- Connecting to existing Ray cluster at address: 10.218.137.30:37401...
2026-02-28 09:24:21,737	INFO node.py:1102 -- Can't find a `node_ip_address.json` file from /tmp/ray/session_2026-02-28_08-31-47_931932_1593720. Have you started Ray instance using `ray start` or `ray.init`?
2026-02-28 09:24:31,740	INFO node.py:1102 -- Can't find a `node_ip_address.json` file from /tmp/ray/session_2026-02-28_08-31-47_931932_1593720. Have you started Ray instance using `ray start` or `ray.init`?
2026-02-28 09:24:41,744	INFO node.py:1102 -- Can't find a `node_ip_address.json` file from /tmp/ray/session_2026-02-28_08-31-47_931932_1593720. Have you started Ray instance using `ray start` or `ray.init`?
2026-02-28 09:24:51,747	INFO node.py:1102 -- Can't find a `node_ip_address.json` file from /tmp/ray/session_2026-02-28_08-31-47_931932_1593720. Have you started Ray instance using `ray start` or `ray.init`?
2026-02-28 09:25:01,751	INFO node.py:1102 -- Can't find a `node_ip_address.json` file from /tmp/ray/session_2026-02-28_08-31-47_931932_1593720. Have you started Ray instance using `ray start` or `ray.init`?
2026-02-28 09:25:11,754	INFO node.py:1102 -- Can't find a `node_ip_address.json` file from /tmp/ray/session_2026-02-28_08-31-47_931932_1593720. Have you started Ray instance using `ray start` or `ray.init`?
Traceback (most recent call last):
  File "<frozen runpy>", line 198, in _run_module_as_main
  File "<frozen runpy>", line 88, in _run_code
  File "/vast/home/j/jojolee/OpenRLHF-Tools/openrlhf/cli/train_ppo_ray.py", line 741, in <module>
    train(args)
  File "/vast/home/j/jojolee/OpenRLHF-Tools/openrlhf/cli/train_ppo_ray.py", line 23, in train
    ray.init(runtime_env={"env_vars": {"TOKENIZERS_PARALLELISM": "true", "NCCL_DEBUG": "INFO"}})
  File "/vast/projects/myatskar/design-documents/conda_env/openrlhf/lib/python3.11/site-packages/ray/_private/client_mode_hook.py", line 104, in wrapper
    return func(*args, **kwargs)
           ^^^^^^^^^^^^^^^^^^^^^
  File "/vast/projects/myatskar/design-documents/conda_env/openrlhf/lib/python3.11/site-packages/ray/_private/worker.py", line 1883, in init
    _global_node = ray._private.node.Node(
                   ^^^^^^^^^^^^^^^^^^^^^^^
  File "/vast/projects/myatskar/design-documents/conda_env/openrlhf/lib/python3.11/site-packages/ray/_private/node.py", line 212, in __init__
    node_ip_address = self._wait_and_get_for_node_address()
                      ^^^^^^^^^^^^^^^^^^^^^^^^^^^^^^^^^^^^^
  File "/vast/projects/myatskar/design-documents/conda_env/openrlhf/lib/python3.11/site-packages/ray/_private/node.py", line 1109, in _wait_and_get_for_node_address
    raise ValueError(
ValueError: Can't find a `node_ip_address.json` file from /tmp/ray/session_2026-02-28_08-31-47_931932_1593720. for 60 seconds. A ray instance hasn't started. Did you do `ray start` or `ray.init` on this host?
srun: error: dgx010: task 0: Exited with exit code 1
