Traceback (most recent call last):
  File "<frozen runpy>", line 198, in _run_module_as_main
  File "<frozen runpy>", line 88, in _run_code
  File "/vast/projects/myatskar/design-documents/conda_env/open_rlhf_intern/lib/python3.11/site-packages/ray/scripts/scripts.py", line 2746, in <module>
    main()
  File "/vast/projects/myatskar/design-documents/conda_env/open_rlhf_intern/lib/python3.11/site-packages/ray/scripts/scripts.py", line 2742, in main
    return cli()
           ^^^^^
  File "/vast/projects/myatskar/design-documents/conda_env/open_rlhf_intern/lib/python3.11/site-packages/click/core.py", line 1485, in __call__
    return self.main(*args, **kwargs)
           ^^^^^^^^^^^^^^^^^^^^^^^^^^
  File "/vast/projects/myatskar/design-documents/conda_env/open_rlhf_intern/lib/python3.11/site-packages/click/core.py", line 1406, in main
    rv = self.invoke(ctx)
         ^^^^^^^^^^^^^^^^
  File "/vast/projects/myatskar/design-documents/conda_env/open_rlhf_intern/lib/python3.11/site-packages/click/core.py", line 1873, in invoke
    return _process_result(sub_ctx.command.invoke(sub_ctx))
                           ^^^^^^^^^^^^^^^^^^^^^^^^^^^^^^^
  File "/vast/projects/myatskar/design-documents/conda_env/open_rlhf_intern/lib/python3.11/site-packages/click/core.py", line 1269, in invoke
    return ctx.invoke(self.callback, **ctx.params)
           ^^^^^^^^^^^^^^^^^^^^^^^^^^^^^^^^^^^^^^^
  File "/vast/projects/myatskar/design-documents/conda_env/open_rlhf_intern/lib/python3.11/site-packages/click/core.py", line 824, in invoke
    return callback(*args, **kwargs)
           ^^^^^^^^^^^^^^^^^^^^^^^^^
  File "/vast/projects/myatskar/design-documents/conda_env/open_rlhf_intern/lib/python3.11/site-packages/ray/autoscaler/_private/cli_logger.py", line 823, in wrapper
    return f(*args, **kwargs)
           ^^^^^^^^^^^^^^^^^^
  File "/vast/projects/myatskar/design-documents/conda_env/open_rlhf_intern/lib/python3.11/site-packages/ray/scripts/scripts.py", line 939, in start
    node = ray._private.node.Node(
           ^^^^^^^^^^^^^^^^^^^^^^^
  File "/vast/projects/myatskar/design-documents/conda_env/open_rlhf_intern/lib/python3.11/site-packages/ray/_private/node.py", line 353, in __init__
    self.start_head_processes()
  File "/vast/projects/myatskar/design-documents/conda_env/open_rlhf_intern/lib/python3.11/site-packages/ray/_private/node.py", line 1436, in start_head_processes
    self._write_cluster_info_to_kv()
  File "/vast/projects/myatskar/design-documents/conda_env/open_rlhf_intern/lib/python3.11/site-packages/ray/_private/node.py", line 1398, in _write_cluster_info_to_kv
    assert curr_val == self._session_name.encode("utf-8"), (
           ^^^^^^^^^^^^^^^^^^^^^^^^^^^^^^^^^^^^^^^^^^^^^^
AssertionError: Session name session_2026-02-25_13-14-30_742013_2560855 does not match persisted value b'session_2026-02-25_13-14-28_764203_2558914'. Perhaps there was an error connecting to Redis.
/vast/projects/myatskar/design-documents/conda_env/open_rlhf_intern/lib/python3.11/site-packages/torch/cuda/__init__.py:63: FutureWarning: The pynvml package is deprecated. Please install nvidia-ml-py instead. If you did not install pynvml directly, please report this to the maintainers of the package that installed pynvml for you.
  import pynvml  # type: ignore[import]
