
The following have been reloaded with a version change:
  1) cuda/13.1.0 => cuda/12.9.0


The following have been reloaded with a version change:
  1) cuda/12.9.0 => cuda/13.1.0

Traceback (most recent call last):
  File "/vast/projects/myatskar/design-documents/conda_env/open_rlhf_intern/bin/ray", line 6, in <module>
    sys.exit(main())
             ^^^^^^
  File "/vast/projects/myatskar/design-documents/conda_env/open_rlhf_intern/lib/python3.11/site-packages/ray/scripts/scripts.py", line 2742, in main
    return cli()
           ^^^^^
  File "/vast/projects/myatskar/design-documents/conda_env/open_rlhf_intern/lib/python3.11/site-packages/click/core.py", line 1485, in __call__
    return self.main(*args, **kwargs)
           ^^^^^^^^^^^^^^^^^^^^^^^^^^
  File "/vast/projects/myatskar/design-documents/conda_env/open_rlhf_intern/lib/python3.11/site-packages/click/core.py", line 1406, in main
    rv = self.invoke(ctx)
         ^^^^^^^^^^^^^^^^
  File "/vast/projects/myatskar/design-documents/conda_env/open_rlhf_intern/lib/python3.11/site-packages/click/core.py", line 1873, in invoke
    return _process_result(sub_ctx.command.invoke(sub_ctx))
                           ^^^^^^^^^^^^^^^^^^^^^^^^^^^^^^^
  File "/vast/projects/myatskar/design-documents/conda_env/open_rlhf_intern/lib/python3.11/site-packages/click/core.py", line 1269, in invoke
    return ctx.invoke(self.callback, **ctx.params)
           ^^^^^^^^^^^^^^^^^^^^^^^^^^^^^^^^^^^^^^^
  File "/vast/projects/myatskar/design-documents/conda_env/open_rlhf_intern/lib/python3.11/site-packages/click/core.py", line 824, in invoke
    return callback(*args, **kwargs)
           ^^^^^^^^^^^^^^^^^^^^^^^^^
  File "/vast/projects/myatskar/design-documents/conda_env/open_rlhf_intern/lib/python3.11/site-packages/ray/autoscaler/_private/cli_logger.py", line 823, in wrapper
    return f(*args, **kwargs)
           ^^^^^^^^^^^^^^^^^^
  File "/vast/projects/myatskar/design-documents/conda_env/open_rlhf_intern/lib/python3.11/site-packages/ray/scripts/scripts.py", line 939, in start
    node = ray._private.node.Node(
           ^^^^^^^^^^^^^^^^^^^^^^^
  File "/vast/projects/myatskar/design-documents/conda_env/open_rlhf_intern/lib/python3.11/site-packages/ray/_private/node.py", line 353, in __init__
    self.start_head_processes()
  File "/vast/projects/myatskar/design-documents/conda_env/open_rlhf_intern/lib/python3.11/site-packages/ray/_private/node.py", line 1436, in start_head_processes
    self._write_cluster_info_to_kv()
  File "/vast/projects/myatskar/design-documents/conda_env/open_rlhf_intern/lib/python3.11/site-packages/ray/_private/node.py", line 1398, in _write_cluster_info_to_kv
    assert curr_val == self._session_name.encode("utf-8"), (
           ^^^^^^^^^^^^^^^^^^^^^^^^^^^^^^^^^^^^^^^^^^^^^^
AssertionError: Session name session_2026-03-03_08-42-13_099370_2947903 does not match persisted value b'session_2026-03-03_01-39-46_473998_3805042'. Perhaps there was an error connecting to Redis.
/vast/projects/myatskar/design-documents/conda_env/open_rlhf_intern/lib/python3.11/site-packages/torch/cuda/__init__.py:63: FutureWarning: The pynvml package is deprecated. Please install nvidia-ml-py instead. If you did not install pynvml directly, please report this to the maintainers of the package that installed pynvml for you.
  import pynvml  # type: ignore[import]
/vast/projects/myatskar/design-documents/conda_env/open_rlhf_intern/lib/python3.11/site-packages/torch/cuda/__init__.py:63: FutureWarning: The pynvml package is deprecated. Please install nvidia-ml-py instead. If you did not install pynvml directly, please report this to the maintainers of the package that installed pynvml for you.
  import pynvml  # type: ignore[import]
2026-03-03 08:44:38,514	INFO worker.py:1606 -- Using address auto set in the environment variable RAY_ADDRESS
2026-03-03 08:44:38,648	INFO worker.py:1747 -- Connecting to existing Ray cluster at address: 10.218.137.36:6379...
2026-03-03 08:44:38,660	INFO worker.py:1918 -- Connected to Ray cluster. View the dashboard at [1m[32mhttp://127.0.0.1:8265 [39m[22m
[2026-03-03 08:44:48,767 C 2961721 2961721] raylet_connection.cc:33: Could not connect to socket /tmp/ray/session_2026-03-03_01-39-46_473998_3805042/sockets/raylet
*** StackTrace Information ***
/vast/projects/myatskar/design-documents/conda_env/open_rlhf_intern/lib/python3.11/site-packages/ray/_raylet.so(+0x14fa76a) [0x7ffff6a6b76a] ray::operator<<()
/vast/projects/myatskar/design-documents/conda_env/open_rlhf_intern/lib/python3.11/site-packages/ray/_raylet.so(_ZN3ray6RayLogD1Ev+0x489) [0x7ffff6a6e219] ray::RayLog::~RayLog()
/vast/projects/myatskar/design-documents/conda_env/open_rlhf_intern/lib/python3.11/site-packages/ray/_raylet.so(+0xd39255) [0x7ffff62aa255] ray::raylet::RayletConnection::RayletConnection()
/vast/projects/myatskar/design-documents/conda_env/open_rlhf_intern/lib/python3.11/site-packages/ray/_raylet.so(_ZN3ray4core10CoreWorkerC2ENS0_17CoreWorkerOptionsERKNS_8WorkerIDE+0xe42) [0x7ffff5f3a072] ray::core::CoreWorker::CoreWorker()
/vast/projects/myatskar/design-documents/conda_env/open_rlhf_intern/lib/python3.11/site-packages/ray/_raylet.so(_ZN3ray4core21CoreWorkerProcessImplC2ERKNS0_17CoreWorkerOptionsE+0x3de) [0x7ffff5f49e1e] ray::core::CoreWorkerProcessImpl::CoreWorkerProcessImpl()
/vast/projects/myatskar/design-documents/conda_env/open_rlhf_intern/lib/python3.11/site-packages/ray/_raylet.so(_ZN3ray4core17CoreWorkerProcess10InitializeERKNS0_17CoreWorkerOptionsE+0x34) [0x7ffff5f4b294] ray::core::CoreWorkerProcess::Initialize()
/vast/projects/myatskar/design-documents/conda_env/open_rlhf_intern/lib/python3.11/site-packages/ray/_raylet.so(+0x85e940) [0x7ffff5dcf940] __pyx_pw_3ray_7_raylet_10CoreWorker_1__cinit__()
/vast/projects/myatskar/design-documents/conda_env/open_rlhf_intern/lib/python3.11/site-packages/ray/_raylet.so(+0x85fb7d) [0x7ffff5dd0b7d] __pyx_tp_new_3ray_7_raylet_CoreWorker()
python(_PyObject_MakeTpCall+0x181) [0x503f21] _PyObject_MakeTpCall
python(_PyEval_EvalFrameDefault+0x6a6) [0x511616] _PyEval_EvalFrameDefault
python(_PyFunction_Vectorcall+0x173) [0x538d03] _PyFunction_Vectorcall
python(PyObject_Call+0x12c) [0x542dac] PyObject_Call
python(_PyEval_EvalFrameDefault+0x484b) [0x5157bb] _PyEval_EvalFrameDefault
python() [0x5cc38a] _PyEval_Vector
python(PyEval_EvalCode+0x9f) [0x5cba5f] PyEval_EvalCode
python() [0x5e5063] builtin_exec
python() [0x51e707] cfunction_vectorcall_FASTCALL_KEYWORDS
python(PyObject_Vectorcall+0x31) [0x51e5f1] PyObject_Vectorcall
python(_PyEval_EvalFrameDefault+0x6a6) [0x511616] _PyEval_EvalFrameDefault
python(_PyFunction_Vectorcall+0x173) [0x538d03] _PyFunction_Vectorcall
python() [0x5f761f] pymain_run_module
python(Py_RunMain+0x14a) [0x5f6f6a] Py_RunMain
python(Py_BytesMain+0x39) [0x5bbf49] Py_BytesMain
/lib/x86_64-linux-gnu/libc.so.6(+0x2a1ca) [0x7ffff7c2a1ca]
/lib/x86_64-linux-gnu/libc.so.6(__libc_start_main+0x8b) [0x7ffff7c2a28b] __libc_start_main
python() [0x5bbd97]

srun: error: dgx016: task 0: Exited with exit code 1
