
The following have been reloaded with a version change:
  1) cuda/13.1.0 => cuda/12.9.0


The following have been reloaded with a version change:
  1) cuda/12.9.0 => cuda/13.1.0

Traceback (most recent call last):
  File "/vast/projects/myatskar/design-documents/conda_env/open_rlhf_intern/bin/ray", line 6, in <module>
    sys.exit(main())
             ^^^^^^
  File "/vast/projects/myatskar/design-documents/conda_env/open_rlhf_intern/lib/python3.11/site-packages/ray/scripts/scripts.py", line 2742, in main
    return cli()
           ^^^^^
  File "/vast/projects/myatskar/design-documents/conda_env/open_rlhf_intern/lib/python3.11/site-packages/click/core.py", line 1485, in __call__
    return self.main(*args, **kwargs)
           ^^^^^^^^^^^^^^^^^^^^^^^^^^
  File "/vast/projects/myatskar/design-documents/conda_env/open_rlhf_intern/lib/python3.11/site-packages/click/core.py", line 1406, in main
    rv = self.invoke(ctx)
         ^^^^^^^^^^^^^^^^
  File "/vast/projects/myatskar/design-documents/conda_env/open_rlhf_intern/lib/python3.11/site-packages/click/core.py", line 1873, in invoke
    return _process_result(sub_ctx.command.invoke(sub_ctx))
                           ^^^^^^^^^^^^^^^^^^^^^^^^^^^^^^^
  File "/vast/projects/myatskar/design-documents/conda_env/open_rlhf_intern/lib/python3.11/site-packages/click/core.py", line 1269, in invoke
    return ctx.invoke(self.callback, **ctx.params)
           ^^^^^^^^^^^^^^^^^^^^^^^^^^^^^^^^^^^^^^^
  File "/vast/projects/myatskar/design-documents/conda_env/open_rlhf_intern/lib/python3.11/site-packages/click/core.py", line 824, in invoke
    return callback(*args, **kwargs)
           ^^^^^^^^^^^^^^^^^^^^^^^^^
  File "/vast/projects/myatskar/design-documents/conda_env/open_rlhf_intern/lib/python3.11/site-packages/ray/autoscaler/_private/cli_logger.py", line 823, in wrapper
    return f(*args, **kwargs)
           ^^^^^^^^^^^^^^^^^^
  File "/vast/projects/myatskar/design-documents/conda_env/open_rlhf_intern/lib/python3.11/site-packages/ray/scripts/scripts.py", line 939, in start
    node = ray._private.node.Node(
           ^^^^^^^^^^^^^^^^^^^^^^^
  File "/vast/projects/myatskar/design-documents/conda_env/open_rlhf_intern/lib/python3.11/site-packages/ray/_private/node.py", line 353, in __init__
    self.start_head_processes()
  File "/vast/projects/myatskar/design-documents/conda_env/open_rlhf_intern/lib/python3.11/site-packages/ray/_private/node.py", line 1436, in start_head_processes
    self._write_cluster_info_to_kv()
  File "/vast/projects/myatskar/design-documents/conda_env/open_rlhf_intern/lib/python3.11/site-packages/ray/_private/node.py", line 1398, in _write_cluster_info_to_kv
    assert curr_val == self._session_name.encode("utf-8"), (
           ^^^^^^^^^^^^^^^^^^^^^^^^^^^^^^^^^^^^^^^^^^^^^^
AssertionError: Session name session_2026-02-25_06-07-20_583664_3219097 does not match persisted value b'session_2026-02-25_06-07-20_103329_3219084'. Perhaps there was an error connecting to Redis.
/vast/projects/myatskar/design-documents/conda_env/open_rlhf_intern/lib/python3.11/site-packages/torch/cuda/__init__.py:63: FutureWarning: The pynvml package is deprecated. Please install nvidia-ml-py instead. If you did not install pynvml directly, please report this to the maintainers of the package that installed pynvml for you.
  import pynvml  # type: ignore[import]
[W225 06:08:01.860504971 AllocatorConfig.cpp:28] Warning: PYTORCH_CUDA_ALLOC_CONF is deprecated, use PYTORCH_ALLOC_CONF instead (function operator())
/vast/projects/myatskar/design-documents/conda_env/open_rlhf_intern/lib/python3.11/site-packages/torch/cuda/__init__.py:63: FutureWarning: The pynvml package is deprecated. Please install nvidia-ml-py instead. If you did not install pynvml directly, please report this to the maintainers of the package that installed pynvml for you.
  import pynvml  # type: ignore[import]
2026-02-25 06:08:34,762	INFO worker.py:1606 -- Using address auto set in the environment variable RAY_ADDRESS
2026-02-25 06:08:34,852	INFO worker.py:1747 -- Connecting to existing Ray cluster at address: 10.218.151.9:6379...
2026-02-25 06:08:34,864	INFO worker.py:1918 -- Connected to Ray cluster. View the dashboard at [1m[32mhttp://127.0.0.1:8265 [39m[22m
[2026-02-25 06:11:37,712 E 3221818 3247523] gcs_rpc_client.h:196: Failed to connect to GCS within 60 seconds. GCS may have been killed. It's either GCS is terminated by `ray stop` or is killed unexpectedly. If it is killed unexpectedly, see the log file gcs_server.out. https://docs.ray.io/en/master/ray-observability/user-guides/configure-logging.html#logging-directory-structure. The program will terminate.
srun: error: dgx009: task 0: Exited with exit code 1
