
The following have been reloaded with a version change:
  1) cuda/13.1.0 => cuda/12.9.0


The following have been reloaded with a version change:
  1) cuda/12.9.0 => cuda/13.1.0

/vast/projects/myatskar/design-documents/conda_env/openrlhf_nightly/lib/python3.12/site-packages/torch/cuda/__init__.py:61: FutureWarning: The pynvml package is deprecated. Please install nvidia-ml-py instead. If you did not install pynvml directly, please report this to the maintainers of the package that installed pynvml for you.
  import pynvml  # type: ignore[import]
`torch_dtype` is deprecated! Use `dtype` instead!
Loading checkpoint shards:   0%|          | 0/9 [00:00<?, ?it/s]Loading checkpoint shards:  22%|██▏       | 2/9 [00:00<00:00, 10.57it/s]Loading checkpoint shards:  44%|████▍     | 4/9 [00:00<00:00, 10.73it/s]Loading checkpoint shards:  67%|██████▋   | 6/9 [00:00<00:00, 10.33it/s]Loading checkpoint shards:  89%|████████▉ | 8/9 [00:00<00:00, 10.51it/s]Loading checkpoint shards: 100%|██████████| 9/9 [00:00<00:00, 11.36it/s]
Traceback (most recent call last):
  File "<frozen runpy>", line 198, in _run_module_as_main
  File "<frozen runpy>", line 88, in _run_code
  File "/vast/home/j/jojolee/OpenRLHF-Tools/openrlhf/cli/lora_combiner.py", line 51, in <module>
    apply_lora(args.model_path, args.lora_path, args.output_path, args.is_rm, args.param_dtype)
  File "/vast/home/j/jojolee/OpenRLHF-Tools/openrlhf/cli/lora_combiner.py", line 28, in apply_lora
    base.save_pretrained(output_path)
  File "/vast/projects/myatskar/design-documents/conda_env/openrlhf_nightly/lib/python3.12/site-packages/transformers/modeling_utils.py", line 4173, in save_pretrained
    safe_save_file(shard, os.path.join(save_directory, shard_file), metadata=metadata)
  File "/vast/projects/myatskar/design-documents/conda_env/openrlhf_nightly/lib/python3.12/site-packages/safetensors/torch.py", line 307, in save_file
    serialize_file(_flatten(tensors), filename, metadata=metadata)
safetensors_rust.SafetensorError: Error while serializing: I/O error: Disk quota exceeded (os error 122)
